// Jest Snapshot v1, https://goo.gl/fbAQLP

exports[`ChatInput matches snapshot 1`] = `
<form
  className="css-vurnku"
  onSubmit={[Function]}
>
  <svg
    fill="currentColor"
    height="1em"
    stroke="currentColor"
    strokeWidth="0"
    style={
      Object {
        "color": undefined,
      }
    }
    viewBox="0 0 16 16"
    width="1em"
    xmlns="http://www.w3.org/2000/svg"
  >
    <path
      clipRule="evenodd"
      d="M10.442 10.442a1 1 0 011.415 0l3.85 3.85a1 1 0 01-1.414 1.415l-3.85-3.85a1 1 0 010-1.415z"
      fillRule="evenodd"
    />
    <path
      clipRule="evenodd"
      d="M6.5 12a5.5 5.5 0 100-11 5.5 5.5 0 000 11zM13 6.5a6.5 6.5 0 11-13 0 6.5 6.5 0 0113 0z"
      fillRule="evenodd"
    />
  </svg>
  <input
    className="css-4y926w"
    onChange={[Function]}
    placeholder="SEARCH NAME"
    type="text"
  />
</form>
`;
