// Jest Snapshot v1, https://goo.gl/fbAQLP

exports[`Message matches snapshot 1`] = `
<div
  className="css-swk17l"
>
  <div
    className="css-pqyr7c"
  >
    02:12
  </div>
  <div
    className="css-1bog2s5"
    data-testid="wrapper"
  >
    <div
      className="css-r8xm40"
    >
      Hello, World
    </div>
    <div
      className="menu-arrow css-1rbsg67"
      data-testid="menu-arrow"
      onClick={[Function]}
    >
      <svg
        fill="currentColor"
        height="1em"
        stroke="currentColor"
        strokeWidth="0"
        style={
          Object {
            "color": undefined,
          }
        }
        viewBox="0 0 16 16"
        width="1em"
        xmlns="http://www.w3.org/2000/svg"
      >
        <path
          clipRule="evenodd"
          d="M3 9.5a1.5 1.5 0 110-3 1.5 1.5 0 010 3zm5 0a1.5 1.5 0 110-3 1.5 1.5 0 010 3zm5 0a1.5 1.5 0 110-3 1.5 1.5 0 010 3z"
          fillRule="evenodd"
        />
      </svg>
    </div>
  </div>
</div>
`;
